// Jest Snapshot v1, https://goo.gl/fbAQLP

exports[`<Component2 /> should match snapshot 1`] = `
<h2>
  Componente 2
</h2>
`;
